../Core/Src/main.c:90:5:__io_putchar	16	static
../Core/Src/main.c:102:5:main	24	static
../Core/Src/main.c:222:6:SystemClock_Config	88	static
../Core/Src/main.c:267:13:MX_SPI1_Init	8	static
../Core/Src/main.c:304:13:MX_USART3_UART_Init	8	static
../Core/Src/main.c:336:13:MX_USB_OTG_FS_PCD_Init	8	static
../Core/Src/main.c:370:13:MX_GPIO_Init	64	static
../Core/Src/main.c:475:6:HAL_UART_RxCpltCallback	16	static
../Core/Src/main.c:485:6:GPIO_Reset	8	static
../Core/Src/main.c:501:6:Error_Handler	4	static,ignoring_inline_asm
