../Core/Src/main.c:87:5:__io_putchar	16	static
../Core/Src/main.c:99:5:main	32	static
../Core/Src/main.c:385:6:SystemClock_Config	88	static
../Core/Src/main.c:430:13:MX_SPI1_Init	8	static
../Core/Src/main.c:467:13:MX_USART3_UART_Init	8	static
../Core/Src/main.c:499:13:MX_USB_OTG_FS_PCD_Init	8	static
../Core/Src/main.c:533:13:MX_GPIO_Init	64	static
../Core/Src/main.c:638:6:HAL_UART_RxCpltCallback	16	static
../Core/Src/main.c:648:6:GPIO_Reset	8	static
../Core/Src/main.c:664:6:Error_Handler	4	static,ignoring_inline_asm
